WEC-Sim: An open-source code for simulating wave energy converters
Version: 7.0.0

Initializing the Simulation Class...
	Case Dir: C:\Users\Luke\Documents\GitHub\AOE_OBAS\1device 

WEC-Sim Pre-processing ...   
	Infinite water depth specified in BEM and "waves.waterDepth" not specified in input file.
Set water depth to 200m for visualization.
Elapsed time is 0.063675 seconds.

WEC-Sim Simulation Settings:
	Start Time                     (sec) = 0
	End Time                       (sec) = 200
	Time Step Size                 (sec) = 0.01
	Ramp Function Time             (sec) = 100
	 Number of Time Steps     = 20000 

Wave Environment: 
	Wave Type                            = No Wave (Constant Hydrodynamic Coefficients)
	Hydro Data Wave Period, period (sec)    	= 8

List of Body:
 
Number of Hydro Bodies = 2 

	***** Body Number 1, Name: float *****
	Body CG                          (m) = [-0,0,0.803]
	Body Mass                       (kg) = 31827.3 
	Body Moments of Inertia       (kgm2) = [280400,280400,488068]
	Body Products of Inertia      (kgm2) = [0,0,0]

	***** Body Number 2, Name: spar *****
	Body CG                          (m) = [3.4E-05,0.00162,-11.4615]
	Body Mass                       (kg) = 162753 
	Body Moments of Inertia       (kgm2) = [2.74604E+07,2.74609E+07,1.24354E+06]
	Body Products of Inertia      (kgm2) = [0,0,0]

List of PTO(s): Number of PTOs = 1 

	***** PTO Name: PTO1 *****
	PTO Stiffness           (N/m;Nm/rad) = 0
	PTO Damping           (Ns/m;Nsm/rad) = 0

List of Constraint(s): Number of Constraints = 1 

	***** Constraint Name: Constraint1 *****

Elapsed time is 0.023644 seconds.

Simulating the WEC device defined in the SimMechanics model C:\Users\Luke\Documents\GitHub\AOE_OBAS\1device\AOE_1device.slx...   
{Error using <a href="matlab:matlab.lang.internal.introspective.errorDocCallback('wecSim', 'C:\Users\Luke\Documents\GitHub\WEC-Sim\source\wecSim.m', 42)" style="font-weight:bold">wecSim</a> (<a href="matlab: opentoline('C:\Users\Luke\Documents\GitHub\WEC-Sim\source\wecSim.m',42,0)">line 42</a>)
['AOE_1device/Global Reference Frame/Solver Configuration']: Error evaluating equations at time 0.0. Stopping simulation. There may be a
singularity in the solution. If not, try reducing the step size (either by reducing the fixed step size or by tightening the error tolerances)
Caused by:
    Error using <a href="matlab:matlab.lang.internal.introspective.errorDocCallback('wecSim', 'C:\Users\Luke\Documents\GitHub\WEC-Sim\source\wecSim.m', 42)" style="font-weight:bold">wecSim</a> (<a href="matlab: opentoline('C:\Users\Luke\Documents\GitHub\WEC-Sim\source\wecSim.m',42,0)">line 42</a>)
    ['AOE_1device/Floating (6DOF)/CONSTRAINT (Bushing Joint)']: 'AOE_1device/Floating (6DOF)/CONSTRAINT (Bushing Joint)' has a degenerate mass
    distribution on its follower side.
} 
